// Vitest Snapshot v1, https://vitest.dev/guide/snapshot.html

exports[`GMLBrush > creates a GMLBrush node from spec XML 1`] = `"<brush><mode>0</mode><uniqueStyleID>LaserTagArrowLetters</uniqueStyleID><spec>http://aurltodescribethebrushspec.com/someSpec.xml</spec><width>10</width><speedToWidthRatio>1.5</speedToWidthRatio><dripAmnt>1</dripAmnt><dripSpeed>1</dripSpeed><layerAbsolute>0</layerAbsolute><color><r>255</r><g>255</g><b>255</b><a>255</a></color><dripVecRelativeToUp><x>0</x><y>1</y><z>0</z></dripVecRelativeToUp></brush>"`;

exports[`GMLBrush > creates a default GMLBrush node 1`] = `"<brush></brush>"`;
